[themes.dhrubok.website/xpider/home-tokyo/index.html]
[backblue.gif]
[fade.gif]
[index.html]
[themes.dhrubok.website/xpider/wp-content/cache/wpfc-minified/12epyixg/vs6k.js]
[themes.dhrubok.website/xpider/wp-content/uploads/2019/03/cropped-favicon-32x32.png]
[themes.dhrubok.website/xpider/wp-content/uploads/2019/03/cropped-favicon-192x192.png]
[themes.dhrubok.website/xpider/wp-content/uploads/2019/03/cropped-favicon-180x180.png]
[754701.smushcdn.com/1462796/wp-content/uploads/2019/03/brand-logo-color0af1.png]
[754701.smushcdn.com/1462796/wp-content/uploads/2019/02/hero-6-screen0af1.png]
[754701.smushcdn.com/1462796/wp-content/uploads/2019/02/icon-settings0af1.png]
[754701.smushcdn.com/1462796/wp-content/uploads/2019/02/icon-responsive0af1.png]
[754701.smushcdn.com/1462796/wp-content/uploads/2019/02/features-10af1.png]
[754701.smushcdn.com/1462796/wp-content/uploads/2019/02/features-20af1.png]
[754701.smushcdn.com/1462796/wp-content/uploads/2019/02/features-30af1.png]
[754701.smushcdn.com/1462796/wp-content/uploads/2019/02/build0af1.png]
[754701.smushcdn.com/1462796/wp-content/uploads/2019/02/html50af1.png]
[754701.smushcdn.com/1462796/wp-content/uploads/2019/02/css0af1.png]
[754701.smushcdn.com/1462796/wp-content/uploads/2019/02/js0af1.png]
[754701.smushcdn.com/1462796/wp-content/uploads/2019/02/blocks0af1.png]
[754701.smushcdn.com/1462796/wp-content/uploads/2019/02/admin-dashboard-10af1.png]
[754701.smushcdn.com/1462796/wp-content/uploads/2019/02/testimonial-10af1.png]
[754701.smushcdn.com/1462796/wp-content/uploads/2019/02/testimonial-20af1.png]
[754701.smushcdn.com/1462796/wp-content/uploads/2019/02/testimonial-30af1.png]
[754701.smushcdn.com/1462796/wp-content/uploads/2019/02/logo-10af1.png]
[754701.smushcdn.com/1462796/wp-content/uploads/2019/02/logo-20af1.png]
[754701.smushcdn.com/1462796/wp-content/uploads/2019/02/logo-30af1.png]
[754701.smushcdn.com/1462796/wp-content/uploads/2019/02/logo-40af1.png]
[754701.smushcdn.com/1462796/wp-content/uploads/2019/02/logo-50af1.png]
[754701.smushcdn.com/1462796/wp-content/uploads/2019/02/app-store0af1.png]
[754701.smushcdn.com/1462796/wp-content/uploads/2019/02/google-play0af1.png]
[754701.smushcdn.com/1462796/wp-content/themes/xpider/assets/demo-assets/settings0af1.png]
[themes.dhrubok.website/xpider/home-tokyo/img/patterns/circle-pattern.21.delayed]
[themes.dhrubok.website/xpider/home-tokyo/img/patterns/circles-light.22.delayed]
[themes.dhrubok.website/xpider/home-tokyo/img/patterns/leaf-pattern.23.delayed]
[themes.dhrubok.website/xpider/home-tokyo/img/patterns/memphis-colorful.24.delayed]
[themes.dhrubok.website/xpider/home-tokyo/img/patterns/round-pattern.25.delayed]
[themes.dhrubok.website/xpider/home-tokyo/img/patterns/spiration-light.26.delayed]
[themes.dhrubok.website/xpider/home-tokyo/img/patterns/swirl-pattern.27.delayed]
[themes.dhrubok.website/xpider/home-tokyo/img/patterns/tic-tac-toe.28.delayed]
[themes.dhrubok.website/xpider/home-tokyo/img/patterns/x-pattern.29.delayed]
[themes.dhrubok.website/xpider/home-tokyo/img/patterns/curls.2a.delayed]
[themes.dhrubok.website/xpider/home-tokyo/img/patterns/dark-angles.2b.delayed]
[themes.dhrubok.website/xpider/home-tokyo/img/patterns/darkness.2c.delayed]
[themes.dhrubok.website/xpider/home-tokyo/img/patterns/spiration-dark.2d.delayed]
[themes.dhrubok.website/xpider/home-tokyo/img/patterns/zig-zag-wool.2e.delayed]
[754701.smushcdn.com/1462796/wp-content/themes/xpider/assets/demo-assets/home-adelaide0af1.png]
[754701.smushcdn.com/1462796/wp-content/themes/xpider/assets/demo-assets/home-budapest0af1.png]
[754701.smushcdn.com/1462796/wp-content/themes/xpider/assets/demo-assets/home-helsinki0af1.png]
[754701.smushcdn.com/1462796/wp-content/themes/xpider/assets/demo-assets/home-tokyo0af1.png]
[754701.smushcdn.com/1462796/wp-content/themes/xpider/assets/demo-assets/home-beijing0af1.png]
[754701.smushcdn.com/1462796/wp-content/themes/xpider/assets/demo-assets/home-moscow0af1.png]
[754701.smushcdn.com/1462796/wp-content/themes/xpider/assets/demo-assets/home-sydney0af1.png]
[754701.smushcdn.com/1462796/wp-content/themes/xpider/assets/demo-assets/home-cairo0af1.png]
[754701.smushcdn.com/1462796/wp-content/themes/xpider/assets/demo-assets/home-dublin0af1.png]
[754701.smushcdn.com/1462796/wp-content/themes/xpider/assets/demo-assets/home-oslo0af1.png]
[754701.smushcdn.com/1462796/wp-content/themes/xpider/assets/demo-assets/home-paris0af1.png]
[754701.smushcdn.com/1462796/wp-content/themes/xpider/assets/demo-assets/home-beirut0af1.png]
[754701.smushcdn.com/1462796/wp-content/themes/xpider/assets/demo-assets/home-lisbon0af1.png]
[themes.dhrubok.website/xpider/wp-content/plugins/contact-form-7/includes/js/scripts58e0.js]
[themes.dhrubok.website/xpider/wp-content/themes/xpider/assets/js/popper.min.js]
[themes.dhrubok.website/xpider/wp-content/themes/xpider/assets/js/bootstrap.min.js]
[themes.dhrubok.website/xpider/wp-content/themes/xpider/assets/js/sticky.min.js]
[themes.dhrubok.website/xpider/wp-content/themes/xpider/assets/js/picturefill.min.js]
[themes.dhrubok.website/xpider/wp-content/themes/xpider/assets/js/scrollreveal.min.js]
[themes.dhrubok.website/xpider/wp-content/themes/xpider/assets/js/slick.min.js]
[themes.dhrubok.website/xpider/wp-content/themes/xpider/assets/js/svg-handler.js]
[themes.dhrubok.website/xpider/wp-content/themes/xpider/assets/js/switcher.js]
[themes.dhrubok.website/xpider/wp-content/themes/xpider/assets/js/venobox.min.js]
[themes.dhrubok.website/xpider/wp-content/themes/xpider/assets/js/app.js]
[themes.dhrubok.website/xpider/wp-content/themes/xpider/assets/js/custom.js]
[themes.dhrubok.website/xpider/wp-includes/js/wp-embed.minfee8.js]
[themes.dhrubok.website/xpider/wp-content/plugins/elementor/assets/lib/slick/slick.minc245.js]
[themes.dhrubok.website/xpider/wp-content/plugins/elementor/assets/js/frontend-modules.min91ac.js]
[themes.dhrubok.website/xpider/wp-content/plugins/elementor-pro/assets/lib/sticky/jquery.sticky.minfc3c.js]
[themes.dhrubok.website/xpider/wp-content/plugins/elementor-pro/assets/js/frontend.minfc3c.js]
[themes.dhrubok.website/xpider/wp-includes/js/jquery/ui/position.mine899.js]
[themes.dhrubok.website/xpider/wp-content/plugins/elementor/assets/lib/dialog/dialog.minfe9d.js]
[themes.dhrubok.website/xpider/wp-content/plugins/elementor/assets/lib/waypoints/waypoints.min05da.js]
[themes.dhrubok.website/xpider/wp-content/plugins/elementor/assets/lib/swiper/swiper.min4f24.js]
[themes.dhrubok.website/xpider/wp-content/plugins/elementor/assets/js/frontend.min91ac.js]
[themes.dhrubok.website/xpider/home-tokyo/index.html]
[themes.dhrubok.website/xpider/wp-content/plugins/contact-form-7/images/ajax-loader.gif]
[themes.dhrubok.website/xpider/wp-content/cache/wpfc-minified/70dqosjz/vs6k.css]
[themes.dhrubok.website/xpider/wp-content/themes/xpider/assets/img/patterns/swirl-pattern.55.delayed]
[themes.dhrubok.website/xpider/wp-content/themes/xpider/assets/img/patterns/circle-pattern.57.delayed]
[themes.dhrubok.website/xpider/wp-content/themes/xpider/assets/img/patterns/x-pattern.59.delayed]
[themes.dhrubok.website/xpider/wp-content/themes/xpider/assets/img/patterns/leaf-pattern.5b.delayed]
[themes.dhrubok.website/xpider/wp-content/themes/xpider/assets/img/patterns/tic-tac-toe.5d.delayed]
[themes.dhrubok.website/xpider/wp-content/themes/xpider/assets/img/patterns/circles-light.5f.delayed]
[themes.dhrubok.website/xpider/wp-content/themes/xpider/assets/img/patterns/spiration-light.61.delayed]
[themes.dhrubok.website/xpider/wp-content/themes/xpider/assets/img/patterns/round-pattern.63.delayed]
[themes.dhrubok.website/xpider/wp-content/themes/xpider/assets/img/patterns/dark-angles.65.delayed]
[themes.dhrubok.website/xpider/wp-content/themes/xpider/assets/img/patterns/memphis-colorful.67.delayed]
[themes.dhrubok.website/xpider/wp-content/themes/xpider/assets/img/patterns/spiration-dark.69.delayed]
[themes.dhrubok.website/xpider/wp-content/themes/xpider/assets/img/patterns/curls.6b.delayed]
[themes.dhrubok.website/xpider/wp-content/themes/xpider/assets/img/patterns/darkness.6d.delayed]
[themes.dhrubok.website/xpider/wp-content/themes/xpider/assets/img/patterns/zig-zag-wool.6f.delayed]
[themes.dhrubok.website/xpider/wp-content/cache/wpfc-minified/f1lni7g7/vs6k.css]
[themes.dhrubok.website/xpider/wp-content/cache/wpfc-minified/edj7ewjd/w3di.css]
[754701.smushcdn.com/1462796/wp-content/uploads/2019/02/brand-logo-color0af1.png]
[themes.dhrubok.website/xpider/home-tokyo/img/patterns/circle-pattern.html]
[themes.dhrubok.website/xpider/home-tokyo/img/patterns/circles-light.html]
[themes.dhrubok.website/xpider/home-tokyo/img/patterns/leaf-pattern.html]
[themes.dhrubok.website/xpider/home-tokyo/img/patterns/memphis-colorful.html]
[themes.dhrubok.website/xpider/home-tokyo/img/patterns/round-pattern.html]
[themes.dhrubok.website/xpider/home-tokyo/img/patterns/spiration-light.html]
[themes.dhrubok.website/xpider/home-tokyo/img/patterns/swirl-pattern.html]
[themes.dhrubok.website/xpider/home-tokyo/img/patterns/tic-tac-toe.html]
[themes.dhrubok.website/xpider/home-tokyo/img/patterns/x-pattern.html]
[themes.dhrubok.website/xpider/home-tokyo/img/patterns/curls.html]
[themes.dhrubok.website/xpider/home-tokyo/img/patterns/dark-angles.html]
[themes.dhrubok.website/xpider/home-tokyo/img/patterns/darkness.html]
[themes.dhrubok.website/xpider/home-tokyo/img/patterns/spiration-dark.html]
[themes.dhrubok.website/xpider/home-tokyo/img/patterns/zig-zag-wool.html]
[754701.smushcdn.com/1462796/wp-content/themes/xpider/assets/demo-assets/home-barcelona0af1.png]
[754701.smushcdn.com/1462796/wp-content/uploads/2019/02/icon-drag0af1.png]
[themes.dhrubok.website/xpider/wp-content/themes/xpider/assets/img/patterns/swirl-pattern.html]
[themes.dhrubok.website/xpider/wp-content/themes/xpider/assets/img/patterns/circle-pattern.html]
[themes.dhrubok.website/xpider/wp-content/themes/xpider/assets/img/patterns/x-pattern.html]
[themes.dhrubok.website/xpider/wp-content/themes/xpider/assets/img/patterns/leaf-pattern.html]
[themes.dhrubok.website/xpider/wp-content/themes/xpider/assets/img/patterns/tic-tac-toe.html]
[themes.dhrubok.website/xpider/wp-content/themes/xpider/assets/img/patterns/circles-light.html]
[themes.dhrubok.website/xpider/wp-content/themes/xpider/assets/img/patterns/spiration-light.html]
[themes.dhrubok.website/xpider/wp-content/themes/xpider/assets/img/patterns/round-pattern.html]
[themes.dhrubok.website/xpider/wp-content/themes/xpider/assets/img/patterns/dark-angles.html]
[themes.dhrubok.website/xpider/wp-content/themes/xpider/assets/img/patterns/memphis-colorful.html]
[themes.dhrubok.website/xpider/wp-content/themes/xpider/assets/img/patterns/spiration-dark.html]
[themes.dhrubok.website/xpider/wp-content/themes/xpider/assets/img/patterns/curls.html]
[themes.dhrubok.website/xpider/wp-content/themes/xpider/assets/img/patterns/darkness.html]
[themes.dhrubok.website/xpider/wp-content/themes/xpider/assets/img/patterns/zig-zag-wool.html]
